
> pet-health-panel@0.16.0-beta type-check
> tsc --noEmit

